Microchip MPLAB XC8 Compiler V2.50

Linker command line:

-W-3 --edf=/opt/microchip/xc8/v2.50/pic/dat/20240725155939_en.msgs -cn \
  -h+dist/default/production/OARnet_P16F628A_DS18B20.X.production.sym \
  --cmf=dist/default/production/OARnet_P16F628A_DS18B20.X.production.cmf -z \
  -Q16F628A -o/tmp/xcXBkMCLe/driver_tmp_3.o --defsym=__MPLAB_BUILD=1 \
  --fixupoverflow=error \
  -Mdist/default/production/OARnet_P16F628A_DS18B20.X.production.map \
  --md=/tmp/xcXBkMCLe/driver_tmp_0.dat -E1 -ver=XC8 Compiler --acfsm=1493 \
  -ACODE=00h-07FFh -ASTRCODE=00h-07FFh -ASTRING=00h-0FFhx8 \
  -ACONST=00h-0FFhx8 -AENTRY=00h-0FFhx8 -ACOMMON=070h-07Fh \
  -ABANK0=020h-06Fh -ABANK1=0A0h-0EFh -ABANK2=0120h-014Fh \
  -ARAM=020h-06Fh,0A0h-0EFh,0120h-014Fh \
  -AABS1=020h-07Fh,0A0h-0EFh,0120h-014Fh -ASFR0=00h-01Fh -ASFR1=080h-09Fh \
  -ASFR2=0100h-011Fh -ASFR3=0180h-01EFh -ACONFIG=02007h-02007h -DCONFIG=2 \
  -AIDLOC=02000h-02003h -DIDLOC=2 -AEEDATA=00h-07Fh/02100h \
  -peeprom_data=EEDATA -DEEDATA=2 -DCODE=2 -DSTRCODE=2 -DSTRING=2 -DCONST=2 \
  -DENTRY=2 -preset_vec=00h,intentry,sivt,init,end_init -ppowerup=CODE \
  -pcinit=CODE -pfunctab=ENTRY -k /tmp/xcXBkMCLe/driver_tmp_12.o \
  dist/default/production/OARnet_P16F628A_DS18B20.X.production.o 

Object code version is 3.11

Machine type is 16F628A



                Name                               Link     Load   Length Selector   Space Scale
/tmp/xcXBkMCLe/driver_tmp_12.o
                end_init                              0        0        1        0       0
                config                             2007     2007        1        0       4
dist/default/production/OARnet_P16F628A_DS18B20.X.production.o
                cinit                               7F3      7F3        D      FE6       0
                config                             2007     2007        1        0       4
                text7                               6EC      6EC       10      DD8       0
                text6                               6FC      6FC       10      DF8       0
                text5                               778      778       29      EF0       0
                text4                               722      722       19      E44       0
                text3                               754      754       24      EA8       0
                text2                               7A1      7A1       52      F42       0
                text1                               73B      73B       19      E76       0
                maintext                            70C      70C       16      E18       0
                cstackCOMMON                         70       70        A       70       1
                bssBANK0                             20       20        9       20       1

TOTAL           Name                               Link     Load   Length     Space
        CLASS   CODE           
                end_init                              0        0        1         0
                cinit                               7F3      7F3        D         0
                text7                               6EC      6EC       10         0
                text6                               6FC      6FC       10         0
                text5                               778      778       29         0
                text4                               722      722       19         0
                text3                               754      754       24         0
                text2                               7A1      7A1       52         0
                text1                               73B      73B       19         0
                maintext                            70C      70C       16         0

        CLASS   STRCODE        

        CLASS   STRING         

        CLASS   CONST          

        CLASS   ENTRY          

        CLASS   COMMON         
                cstackCOMMON                         70       70        A         1

        CLASS   BANK0          
                bssBANK0                             20       20        9         1

        CLASS   BANK1          

        CLASS   BANK2          

        CLASS   RAM            

        CLASS   ABS1           
                abs_s1                               7E       7E        2         1

        CLASS   SFR0           

        CLASS   SFR1           

        CLASS   SFR2           

        CLASS   SFR3           

        CLASS   CONFIG         
                config                             2007     2007        1         4

        CLASS   IDLOC          

        CLASS   EEDATA         

        CLASS   BANK3          

        CLASS   HEAP           

        CLASS   STACK          



SEGMENTS        Name                           Load    Length   Top    Selector   Space  Class     Delta

                text3                          000754  000024  000778       EA8       0  CODE        2
                text4                          000722  000019  00073B       E44       0  CODE        2
                text1                          00073B  000019  000754       E76       0  CODE        2
                text5                          000778  000029  0007A1       EF0       0  CODE        2
                reset_vec                      000000  000001  000001         0       0  CODE        2
                text2                          0007A1  000052  0007F3       F42       0  CODE        2
                maintext                       00070C  000016  000722       E18       0  CODE        2
                text6                          0006FC  000010  00070C       DF8       0  CODE        2
                text7                          0006EC  000010  0006FC       DD8       0  CODE        2
                bssBANK0                       000020  000009  000029        20       1  BANK0       1
                cinit                          0007F3  00000D  000800       FE6       0  CODE        2
                cstackCOMMON                   000070  00000A  00007A        70       1  COMMON      1


UNUSED ADDRESS RANGES

        Name                Unused          Largest block    Delta
        BANK0            0029-006F             47           1
        BANK1            00A0-00EF             50           1
        BANK2            0120-014F             30           1
        CODE             0001-06EB            6EB           2
        COMMON           007A-007D              4           1
        CONST            0001-06EB            100           2
        EEDATA           2100-217F             80           2
        ENTRY            0001-06EB            100           2
        IDLOC            2000-2003              4           2
        RAM              0029-006F             47           1
                         00A0-00EF             50
                         0120-014F             30
        SFR0             0000-001F             20           1
        SFR1             0080-009F             20           1
        SFR2             0100-011F             20           1
        SFR3             0180-01EF             70           1
        STRCODE          0001-06EB            6EB           2
        STRING           0001-06EB            100           2

                                  Symbol Table

?_read_bit               cstackCOMMON 0070
_TRISB1                  (abs)        0431
__H__absolute__          __absolute__ 0000
__Habs1                  abs1         0000
__Hbank0                 bank0        0000
__Hbank1                 bank1        0000
__Hbank2                 bank2        0000
__Hbank3                 bank3        0000
__HbssBANK0              bssBANK0     0000
__Hcinit                 cinit        0800
__Hclrtext               clrtext      0000
__Hcode                  code         0000
__Hcommon                common       0000
__Hconfig                config       2008
__HcstackCOMMON          cstackCOMMON 0000
__Heeprom_data           eeprom_data  0000
__Hend_init              end_init     0001
__Hfunctab               functab      0000
__Hheap                  heap         0000
__Hinit                  init         0000
__Hintentry              intentry     0000
__Hmaintext              maintext     0000
__Hpowerup               powerup      0000
__Hram                   ram          0000
__Hreset_vec             reset_vec    0000
__Hsfr0                  sfr0         0000
__Hsfr1                  sfr1         0000
__Hsfr2                  sfr2         0000
__Hsfr3                  sfr3         0000
__Hsivt                  sivt         0000
__Hspace_0               (abs)        0800
__Hspace_1               (abs)        007A
__Hspace_2               (abs)        0000
__Hspace_3               (abs)        0000
__Hspace_4               (abs)        400F
__Hstack                 stack        0000
__Hstrings               strings      0000
__Htext                  text         0000
__L__absolute__          __absolute__ 0000
__Labs1                  abs1         0000
__Lbank0                 bank0        0000
__Lbank1                 bank1        0000
__Lbank2                 bank2        0000
__Lbank3                 bank3        0000
__LbssBANK0              bssBANK0     0000
__Lcinit                 cinit        07F3
__Lclrtext               clrtext      0000
__Lcode                  code         0000
__Lcommon                common       0000
__Lconfig                config       0000
__LcstackCOMMON          cstackCOMMON 0000
__Leeprom_data           eeprom_data  0000
__Lend_init              end_init     0000
__Lfunctab               functab      0000
__Lheap                  heap         0000
__Linit                  init         0000
__Lintentry              intentry     0000
__Lmaintext              maintext     0000
__Lpowerup               powerup      0000
__Lram                   ram          0000
__Lreset_vec             reset_vec    0000
__Lsfr0                  sfr0         0000
__Lsfr1                  sfr1         0000
__Lsfr2                  sfr2         0000
__Lsfr3                  sfr3         0000
__Lsivt                  sivt         0000
__Lspace_0               (abs)        0000
__Lspace_1               (abs)        0000
__Lspace_2               (abs)        0000
__Lspace_3               (abs)        0000
__Lspace_4               (abs)        0000
__Lstack                 stack        0000
__Lstrings               strings      0000
__Ltext                  text         0000
__S0                     (abs)        0800
__S1                     (abs)        007A
__S3                     (abs)        0000
___heap_hi               (abs)        0000
___heap_lo               (abs)        0000
___int_sp                stack        0000
___int_stack_hi          stack        0000
___int_stack_lo          stack        0000
___latbits               (abs)        0000
___sp                    stack        0000
___stack_hi              stack        0000
___stack_lo              stack        0000
___stackhi               (abs)        0000
___stacklo               (abs)        0000
__end_of__initialization cinit        07FE
__end_of_issueCmd        text5        07A1
__end_of_main            maintext     0722
__end_of_memset          text4        073B
__end_of_readPad         text2        07F3
__end_of_read_bit        text3        0778
__end_of_reset           text1        0754
__end_of_write0          text7        06FC
__end_of_write1          text6        070C
__initialization         cinit        07F3
__pbssBANK0              bssBANK0     0020
__pcstackCOMMON          cstackCOMMON 0070
__pmaintext              maintext     070C
__ptext1                 text1        073B
__ptext2                 text2        07A1
__ptext3                 text3        0754
__ptext4                 text4        0722
__ptext5                 text5        0778
__ptext6                 text6        06FC
__ptext7                 text7        06EC
_issueCmd                text5        0778
_main                    maintext     070C
_memset                  text4        0722
_pad                     bssBANK0     0020
_readPad                 text2        07A1
_read_bit                text3        0754
_reset                   text1        073B
_write0                  text7        06EC
_write1                  text6        06FC
btemp                    (abs)        007E
end_of_initialization    cinit        07FE
intlevel0                functab      0000
intlevel1                functab      0000
intlevel2                functab      0000
intlevel3                functab      0000
intlevel4                functab      0000
intlevel5                functab      0000
issueCmd@cmd             cstackCOMMON 0072
issueCmd@i               cstackCOMMON 0073
memset@c                 cstackCOMMON 0071
memset@dest              cstackCOMMON 0070
memset@n                 cstackCOMMON 0073
memset@p                 cstackCOMMON 0075
readPad@i                cstackCOMMON 0076
readPad@j                cstackCOMMON 0078
read_bit@b               cstackCOMMON 0073
reset_vec                reset_vec    0000
start                    init         0000
start_initialization     cinit        07F3
wtemp0                   (abs)        007E


MODULE INFORMATION

Module		Function		Class		Link	Load	Size
/opt/microchip/xc8/v2.50/pic/sources/c99/common/memset.c
		_memset        		CODE           	0722	0000	25

/opt/microchip/xc8/v2.50/pic/sources/c99/common/memset.c estimated size: 25

shared
		__initialization		CODE           	07F3	0000	11

shared estimated size: 11

main.c
		_reset         		CODE           	073B	0000	25
		_issueCmd      		CODE           	0778	0000	41
		_readPad       		CODE           	07A1	0000	82
		_write0        		CODE           	06EC	0000	16
		_main          		CODE           	070C	0000	22
		_write1        		CODE           	06FC	0000	16
		_read_bit      		CODE           	0754	0000	36

main.c estimated size: 238

